[armorshieldinno.weebly.com/index.html]
[backblue.gif]
[fade.gif]
[index.html]
[armorshieldinno.weebly.com/uploads/1/5/2/4/152480530/21x9-innovating-the-future-with-advan.png]
[armorshieldinno.weebly.com/uploads/1/5/2/4/152480530/21x9-nanotechnology-for-textile-and.png]
[armorshieldinno.weebly.com/uploads/1/5/2/4/152480530/21x9-create-the-silks-and-the-silkwor-2.png]
[armorshieldinno.weebly.com/uploads/1/5/2/4/152480530/unearthing-the-history-of-nanotechnology-from-vision-to-reality-by-thriam_orig.webp]
[armorshieldinno.weebly.com/uploads/1/5/2/4/152480530/editor/modern-medical-research-laboratory-microscope-600nw-19245124283035.webp]
[armorshieldinno.weebly.com/uploads/1/5/2/4/152480530/armorlogo_orig.png]
[armorshieldinno.weebly.com/uploads/1/5/2/4/152480530/logoo12345.png]
[cdn2.editmysite.com/css/sites4db8.css]
[cdn2.editmysite.com/css/old/fancyboxe1c6.css]
[cdn2.editmysite.com/css/social-icons62ce.css]
[cdn2.editmysite.com/fonts/Josefin_Sans/fontc81e.css]
[armorshieldinno.weebly.com/files/main_stylefc1f.css]
[cdn2.editmysite.com/fonts/Coustard/fontc81e.css]
[cdn2.editmysite.com/css/old/slideshow/slideshowe1c6.css]
[armorshieldinno.weebly.com/files/templateArtifactsfc1f.js]
[cdn2.editmysite.com/js/jquery-1.8.3.min.js]
[www.google.com/recaptcha/api.js]
[cdn2.editmysite.com/js/old/slideshow-jq4db8.js]
[cdn2.editmysite.com/js/lang/en/stl6c00.js]
[armorshieldinno.weebly.com/about-us.html]
[armorshieldinno.weebly.com/products.html]
[armorshieldinno.weebly.com/case-study.html]
[armorshieldinno.weebly.com/silk-project.html]
[armorshieldinno.weebly.com/leather-project.html]
[armorshieldinno.weebly.com/textile-project.html]
[cdn2.editmysite.com/js/site/main4db8.js]
[armorshieldinno.weebly.com/services.html]
[armorshieldinno.weebly.com/contact-us.html]
[armorshieldinno.weebly.com/new-page.html]
[armorshieldinno.weebly.com/_/uploads/1/5/2/4/152480530/background-images/1051449258.1d.delayed]
[armorshieldinno.weebly.com/_/uploads/1/5/2/4/152480530/background-images/1546079677.jpg_]
[armorshieldinno.weebly.com/bio-green.html]
[armorshieldinno.weebly.com/solution.html]
[armorshieldinno.weebly.com/_/uploads/1/5/2/4/152480530/background-images/505412205.jpg_]
[armorshieldinno.weebly.com/_/uploads/1/5/2/4/152480530/background-images/1912843734.jpg_]
[armorshieldinno.weebly.com/cdn-cgi/l/email-protection.html]
[cdn2.editmysite.com/images/site/footer/footer-toast-published-image-1.png]
[armorshieldinno.weebly.com/cdn-cgi/scripts/5c5dd728/cloudflare-static/email-decode.min.js]
[cdn2.editmysite.com/js/site/footerSignup4db8.js]
[armorshieldinno.weebly.com/files/theme/plugins1263.js]
[armorshieldinno.weebly.com/files/theme/custom1263.js]
[armorshieldinno.weebly.com/index.html]
[cdn2.editmysite.com/images/util/videojs/white-bar.png]
[cdn2.editmysite.com/images/util/videojs/@2x/white-bar.png]
[cdn2.editmysite.com/images/util/videojs/gradient.png]
[cdn2.editmysite.com/images/util/videojs/@2x/gradient.png]
[cdn2.editmysite.com/sprites/util/videojs-sacae758aa2.png]
[cdn2.editmysite.com/sprites/util/videojs/@2x-s2aff7e7d9a.png]
[cdn2.editmysite.com/js/wsnbn/snowday262.js]
[cdn2.editmysite.com/images/util/videojs/volume-filled.png]
[cdn2.editmysite.com/images/util/videojs/@2x/volume-filled.png]
[cdn2.editmysite.com/images/util/videojs/volume-mute.png]
[cdn2.editmysite.com/images/util/videojs/@2x/volume-mute.png]
[cdn2.editmysite.com/images/util/videojs/blue-bar.png]
[cdn2.editmysite.com/images/util/videojs/@2x/blue-bar.png]
[cdn2.editmysite.com/images/util/videojs/maximize-icon.png]
[cdn2.editmysite.com/images/util/videojs/@2x/maximize-icon.png]
[cdn2.editmysite.com/images/util/videojs/minimize-icon.png]
[cdn2.editmysite.com/images/util/videojs/@2x/minimize-icon.png]
[cdn2.editmysite.com/images/util/videojs/play-icon.png]
[cdn2.editmysite.com/images/util/videojs/@2x/play-icon.png]
[cdn2.editmysite.com/images/util/videojs/sad-face.png]
[cdn2.editmysite.com/images/util/videojs/@2x/sad-face.png]
[cdn2.editmysite.com/images/util/videojs/loading-icon.png]
[cdn2.editmysite.com/images/util/videojs/@2x/loading-icon.png]
[cdn2.editmysite.com/images/common/buttons/small_grey.png]
[cdn2.editmysite.com/images/common/buttons/small_blue.png]
[cdn2.editmysite.com/images/old/button/large_grey.png]
[cdn2.editmysite.com/images/common/buttons/large_blue.png]
[cdn2.editmysite.com/images/common/search-light.png]
[cdn2.editmysite.com/images/common/social_icons.png]
[cdn2.editmysite.com/images/common/blog/blog-comment-button.png]
[cdn2.editmysite.com/images/common/blog/blog-comment-header.png]
[cdn2.editmysite.com/images/common/blog/blog-comment-pointer.png]
[cdn2.editmysite.com/images/common/blog/blog-comment-link.png]
[cdn2.editmysite.com/images/common/blog/blog-comment-header-author.png]
[cdn2.editmysite.com/images/common/blog/blog-comment-pointer-author.png]
[cdn2.editmysite.com/images/common/blog/blog-comment-field-bg.png]
[cdn2.editmysite.com/images/common/blog/dark-blog-comment-header.png]
[cdn2.editmysite.com/images/common/blog/dark-blog-comment-pointer.png]
[cdn2.editmysite.com/images/common/blog/dark-blog-comment-header-author.png]
[cdn2.editmysite.com/images/common/blog/dark-blog-comment-pointer-author.png]
[cdn2.editmysite.com/images/common/blog/dark-blog-comment-link.png]
[cdn2.editmysite.com/js/site/main-customer-accounts-site4db8.js]
[cdn2.editmysite.com/images/util/general/blank.gif]
[cdn2.editmysite.com/images/common/lightbox/prevlabel.gif]
[cdn2.editmysite.com/images/common/lightbox/nextlabel.gif]
[cdn2.editmysite.com/sprites/util/inputs/checkmarkBox-s7868418152.png]
[cdn2.editmysite.com/sprites/util/inputs/checkmarkBox/@2x-s211a47d318.png]
[cdn2.editmysite.com/images/util/inputs/search-input-bg.jpg]
[cdn2.editmysite.com/images/common/magnifying-glass.png]
[cdn2.editmysite.com/images/common/checkmarks/checkmark-mini.png]
[cdn2.editmysite.com/images/common/checkmarks/@2x/checkmark-mini.png]
[cdn2.editmysite.com/images/common/search-pagination-bg.png]
[cdn2.editmysite.com/images/util/general/top-triangle-000.png]
[cdn2.editmysite.com/images/util/general/bottom-triangle-000.png]
[cdn2.editmysite.com/images/util/general/top-triangle-000@2x.png]
[cdn2.editmysite.com/images/util/general/bottom-triangle-000@2x.png]
[cdn2.editmysite.com/sprites/common/social-icons-s5ea5500bdb.png]
[cdn2.editmysite.com/sprites/common/social-icons/@2x-s0ae7d70c70.png]
[cdn2.editmysite.com/sprites/site/mini-cart-s86c48effae.png]
[cdn2.editmysite.com/sprites/site/mini-cart/@2x-s576cbc3f90.png]
[cdn2.editmysite.com/images/loading.gif]
[cdn2.editmysite.com/sprites/site/mobile/commerce-sdf6d4e852c.png]
[cdn2.editmysite.com/sprites/site/mobile/commerce/@2x-s82f968c453.png]
[cdn2.editmysite.com/images/site/checkout/paypal.png]
[cdn2.editmysite.com/images/site/checkout/@2x/paypal.png]
[cdn2.editmysite.com/images/site/checkout/credit-cards.png]
[cdn2.editmysite.com/images/site/checkout/@2x/credit-cards.png]
[cdn2.editmysite.com/images/site/checkout/print.png]
[cdn2.editmysite.com/images/site/checkout/print@2x.png]
[cdn2.editmysite.com/images/vendor/select2/select2.png]
[cdn2.editmysite.com/images/vendor/select2/select2-spinner.gif]
[cdn2.editmysite.com/images/vendor/select2/select2x2.png]
[cdn2.editmysite.com/images/util/spinner/spinner-dark.png]
[cdn2.editmysite.com/images/util/spinner/spinner-light.png]
[cdn2.editmysite.com/images/util/loading-white-w24.gif]
[cdn2.editmysite.com/images/common/form_input_bg.gif]
[cdn2.editmysite.com/sprites/site/forms-s3786257308.png]
[cdn2.editmysite.com/sprites/site/forms/@2x-s47607b315a.png]
[cdn2.editmysite.com/images/blank.gif]
[cdn2.editmysite.com/images/old/photoswipe/loader.gif]
[cdn2.editmysite.com/images/old/photoswipe/error.gif]
[cdn2.editmysite.com/images/old/photoswipe/icons.png]
[cdn2.editmysite.com/images/old/photoswipe/icons@2x.png]
[cdn2.editmysite.com/css/sites4db8.css]
[cdn2.editmysite.com/images/old/fancybox/fancybox_sprite.png]
[cdn2.editmysite.com/images/old/fancybox/fancybox_loading.gif]
[cdn2.editmysite.com/images/old/fancybox/blank.gif]
[cdn2.editmysite.com/images/old/fancybox/fancybox_overlay.png]
[cdn2.editmysite.com/css/old/fancyboxe1c6.css]
[cdn2.editmysite.com/css/social-icons62ce.css]
[armorshieldinno.weebly.com/files/theme/images/default-bgfc1f.jpg]
[armorshieldinno.weebly.com/files/theme/images/select-dropdownfc1f.png]
[armorshieldinno.weebly.com/files/main_stylefc1f.css]
[cdn2.editmysite.com/fonts/Josefin_Sans/light.eot]
[cdn2.editmysite.com/fonts/Josefin_Sans/lightd41d.eot]
[cdn2.editmysite.com/fonts/Josefin_Sans/light.woff2]
[cdn2.editmysite.com/fonts/Josefin_Sans/light.woff]
[cdn2.editmysite.com/fonts/Josefin_Sans/light.ttf]
[cdn2.editmysite.com/fonts/Josefin_Sans/regular.woff2]
[cdn2.editmysite.com/fonts/Josefin_Sans/regular.eot]
[cdn2.editmysite.com/fonts/Josefin_Sans/regular.woff]
[cdn2.editmysite.com/fonts/Josefin_Sans/bold.woff2]
[cdn2.editmysite.com/fonts/Josefin_Sans/regulard41d.eot]
[cdn2.editmysite.com/fonts/Josefin_Sans/regular.ttf]
[cdn2.editmysite.com/fonts/Josefin_Sans/bold.eot]
[cdn2.editmysite.com/fonts/Josefin_Sans/bold.woff]
[cdn2.editmysite.com/fonts/Josefin_Sans/boldd41d.eot]
[cdn2.editmysite.com/fonts/Josefin_Sans/lightitalic.woff2]
[cdn2.editmysite.com/fonts/Josefin_Sans/bold.ttf]
[cdn2.editmysite.com/fonts/Josefin_Sans/lightitalic.eot]
[cdn2.editmysite.com/fonts/Josefin_Sans/lightitalic.woff]
[cdn2.editmysite.com/fonts/Josefin_Sans/lightitalicd41d.eot]
[cdn2.editmysite.com/fonts/Josefin_Sans/italic.woff2]
[cdn2.editmysite.com/fonts/Josefin_Sans/lightitalic.ttf]
[cdn2.editmysite.com/fonts/Josefin_Sans/italic.woff]
[cdn2.editmysite.com/fonts/Josefin_Sans/italic.eot]
[cdn2.editmysite.com/fonts/Josefin_Sans/italicd41d.eot]
[cdn2.editmysite.com/fonts/Josefin_Sans/bolditalic.woff2]
[cdn2.editmysite.com/fonts/Josefin_Sans/bolditalic.eot]
[cdn2.editmysite.com/fonts/Josefin_Sans/italic.ttf]
[cdn2.editmysite.com/fonts/Josefin_Sans/bolditalic.woff]
[cdn2.editmysite.com/fonts/Josefin_Sans/fontc81e.css]
[cdn2.editmysite.com/fonts/Josefin_Sans/bolditalicd41d.eot]
[cdn2.editmysite.com/fonts/Coustard/regular.woff2]
[cdn2.editmysite.com/fonts/Josefin_Sans/bolditalic.ttf]
[cdn2.editmysite.com/fonts/Coustard/regular.woff]
[cdn2.editmysite.com/fonts/Coustard/regular.eot]
[cdn2.editmysite.com/fonts/Coustard/fontc81e.css]
[cdn2.editmysite.com/images/old/slideshow/control_icons.gif]
[cdn2.editmysite.com/images/old/slideshow/header_slideshow_sprites.png]
[cdn2.editmysite.com/fonts/Coustard/regulard41d.eot]
[cdn2.editmysite.com/images/old/loading.gif]
[cdn2.editmysite.com/images/old/slideshow/header_slideshow_sprites1x.png]
[cdn2.editmysite.com/css/old/slideshow/slideshowe1c6.css]
[armorshieldinno.weebly.com/files/templateArtifactsfc1f.js]
[armorshieldinno.weebly.com/uploads/1/5/2/4/152480530/1_1.png]
[armorshieldinno.weebly.com/uploads/1/5/2/4/152480530/2_1.png]
[cdn2.editmysite.com/fonts/Coustard/regular.ttf]
[armorshieldinno.weebly.com/uploads/1/5/2/4/152480530/3_1.png]
[armorshieldinno.weebly.com/_/uploads/1/5/2/4/152480530/background-images/425283649.a6.delayed]
[armorshieldinno.weebly.com/about-us.html]
[armorshieldinno.weebly.com/_/uploads/1/5/2/4/152480530/background-images/1902818335.jpg_]
[armorshieldinno.weebly.com/products.html]
[armorshieldinno.weebly.com/uploads/1/5/2/4/152480530/16x9-silk-warm-made-silk-derived-from_orig.png]
[armorshieldinno.weebly.com/uploads/1/5/2/4/152480530/16x9-many-leathers-are-coated-with-n_orig.png]
[armorshieldinno.weebly.com/uploads/1/5/2/4/152480530/16x9-rich-type-threads-and-wool-are-k_orig.png]
[armorshieldinno.weebly.com/uploads/1/5/2/4/152480530/armorlogo_2.png]
[armorshieldinno.weebly.com/_/uploads/1/5/2/4/152480530/background-images/301274766.jpg_]
[armorshieldinno.weebly.com/case-study.html]
[armorshieldinno.weebly.com/uploads/1/5/2/4/152480530/16x9-silkworms-silks-on-the-brown-bas.png]
[armorshieldinno.weebly.com/uploads/1/5/2/4/152480530/16x9-to-protecting-a-human-skin-from.png]
[armorshieldinno.weebly.com/uploads/1/5/2/4/152480530/16x9-non-toxic-solution-for-a-health.png]
[armorshieldinno.weebly.com/uploads/1/5/2/4/152480530/16x9-excellent-binding-stability-with-3.png]
[armorshieldinno.weebly.com/uploads/1/5/2/4/152480530/armorlogo_4.png]
[armorshieldinno.weebly.com/_/uploads/1/5/2/4/152480530/background-images/530889458.jpg_]
[armorshieldinno.weebly.com/silk-project.html]
[armorshieldinno.weebly.com/uploads/1/5/2/4/152480530/16x9-sofas-and-door-leather-are-coate.png]
[armorshieldinno.weebly.com/uploads/1/5/2/4/152480530/16x9-flight-seats-leather-are-coated.png]
[armorshieldinno.weebly.com/uploads/1/5/2/4/152480530/16x9-belts-and-wallet-leather-are-coa.png]
[armorshieldinno.weebly.com/uploads/1/5/2/4/152480530/16x9-plane-leather-shoe-and-coat-suit.png]
[armorshieldinno.weebly.com/uploads/1/5/2/4/152480530/armorlogo_5.png]
[armorshieldinno.weebly.com/_/uploads/1/5/2/4/152480530/background-images/1765388189.jpg_]
[armorshieldinno.weebly.com/leather-project.html]
[armorshieldinno.weebly.com/uploads/1/5/2/4/152480530/16x9-rich-type-threads-and-wool-are-k.png]
[armorshieldinno.weebly.com/uploads/1/5/2/4/152480530/16x9-textile-products-many-rich-type.png]
[armorshieldinno.weebly.com/uploads/1/5/2/4/152480530/16x9-textile-product-many-alive-are-1.png]
[armorshieldinno.weebly.com/uploads/1/5/2/4/152480530/16x9-rich-type-sofas-and-chairs-with.png]
[armorshieldinno.weebly.com/uploads/1/5/2/4/152480530/armorlogo_6.png]
[armorshieldinno.weebly.com/_/uploads/1/5/2/4/152480530/background-images/1890155307.jpg_]
[armorshieldinno.weebly.com/textile-project.html]
[armorshieldinno.weebly.com/uploads/1/5/2/4/152480530/01_1_orig.png]
[armorshieldinno.weebly.com/uploads/1/5/2/4/152480530/02_1_orig.png]
[armorshieldinno.weebly.com/services.html]
[armorshieldinno.weebly.com/uploads/1/5/2/4/152480530/published/contact-us-upscayl-3x-upscayl-standard-4x3d95.png]
[armorshieldinno.weebly.com/uploads/1/5/2/4/152480530/armorlogo_8.png]
[armorshieldinno.weebly.com/_/uploads/1/5/2/4/152480530/background-images/1668522804.png_]
[armorshieldinno.weebly.com/contact-us.html]
[armorshieldinno.weebly.com/new-page.html]
[armorshieldinno.weebly.com/_/uploads/1/5/2/4/152480530/background-images/1051449258.html]
[armorshieldinno.weebly.com/_/uploads/1/5/2/4/152480530/background-images/1546079677.html]
[armorshieldinno.weebly.com/uploads/1/5/2/4/152480530/published/erasebg-transformed7fdb.png]
[armorshieldinno.weebly.com/uploads/1/5/2/4/152480530/published/round-img-3c21c.png]
[armorshieldinno.weebly.com/uploads/1/5/2/4/152480530/published/round-2-img37a9.png]
[armorshieldinno.weebly.com/uploads/1/5/2/4/152480530/published/round-2-img-1a292.png]
[armorshieldinno.weebly.com/uploads/1/5/2/4/152480530/leather123_orig.webp]
[armorshieldinno.weebly.com/uploads/1/5/2/4/152480530/silkprdct_orig.png]
[armorshieldinno.weebly.com/uploads/1/5/2/4/152480530/textile-prdct_orig.jpg]
[armorshieldinno.weebly.com/uploads/1/5/2/4/152480530/armorlogo_1.png]
[armorshieldinno.weebly.com/bio-green.html]
[armorshieldinno.weebly.com/uploads/1/5/2/4/152480530/nano-coating_orig.png]
[armorshieldinno.weebly.com/uploads/1/5/2/4/152480530/nano-coating222_orig.jpg]
[armorshieldinno.weebly.com/uploads/1/5/2/4/152480530/nano-coating-prevnt_orig.png]
[armorshieldinno.weebly.com/uploads/1/5/2/4/152480530/armorlogo_3.png]
[armorshieldinno.weebly.com/_/uploads/1/5/2/4/152480530/background-images/2099218238.jpg_]
[armorshieldinno.weebly.com/solution.html]
[armorshieldinno.weebly.com/_/uploads/1/5/2/4/152480530/background-images/505412205.html]
[armorshieldinno.weebly.com/_/uploads/1/5/2/4/152480530/background-images/1912843734.html]
[armorshieldinno.weebly.com/cdn-cgi/l/email-protection.html]
[armorshieldinno.weebly.com/_/uploads/1/5/2/4/152480530/background-images/425283649.html]
[armorshieldinno.weebly.com/_/uploads/1/5/2/4/152480530/background-images/1902818335.html]
[armorshieldinno.weebly.com/_/uploads/1/5/2/4/152480530/background-images/301274766.html]
[armorshieldinno.weebly.com/_/uploads/1/5/2/4/152480530/background-images/530889458.html]
[armorshieldinno.weebly.com/_/uploads/1/5/2/4/152480530/background-images/1765388189.html]
[armorshieldinno.weebly.com/_/uploads/1/5/2/4/152480530/background-images/1890155307.html]
[armorshieldinno.weebly.com/_/uploads/1/5/2/4/152480530/background-images/1668522804.html]
[armorshieldinno.weebly.com/_/uploads/1/5/2/4/152480530/background-images/2099218238.html]
